// Jest Snapshot v1, https://goo.gl/fbAQLP

exports[`<Navbar /> create navbar 1`] = `
<nav
  className="fd-global-nav"
>
  <div
    className="fd-global-nav__group fd-global-nav__group--left"
  >
    <div
      className="fd-global-nav__side-menu"
    >
      <button
        className="fd-button--light sap-icon--menu2 fd-global-nav__btn"
        disabled={false}
        selected={false}
      />
    </div>
    <div
      className="fd-global-nav__logo fd-has-margin-left-none"
    />
    <div
      className="fd-global-nav__product-name"
    >
      Product Name
    </div>
  </div>
  <div
    className="fd-global-nav__group fd-global-nav__launchpad"
  >
    <div
      className="fd-popover"
    >
      <div
        aria-expanded={false}
        className="fd-popover__control"
        onClick={[Function]}
      >
        <button
          className="fd-button--light"
          disabled={false}
          selected={false}
        >
          Suite Name
        </button>
      </div>
      <div
        aria-hidden={true}
        className="fd-popover__body fd-popover__body--no-arrow"
      >
        <nav
          className="fd-menu"
        >
          <ul
            className="fd-menu__list"
          >
            <li>
              <a
                className="fd-menu__item"
                href="/"
              >
                Option 1
              </a>
            </li>
            <li>
              <a
                className="fd-menu__item"
                href="/"
              >
                Option 2
              </a>
            </li>
            <li>
              <a
                className="fd-menu__item"
                href="/"
              >
                Option 3
              </a>
            </li>
            <li>
              <a
                className="fd-menu__item"
                href="/"
              >
                Option 4
              </a>
            </li>
          </ul>
        </nav>
      </div>
    </div>
  </div>
  <div
    className="fd-global-nav__group fd-global-nav__group--right"
  >
    <div
      className="fd-global-nav__context-menu"
    >
      <div
        className="fd-popover"
      >
        <div
          aria-expanded={false}
          className="fd-popover__control"
          onClick={[Function]}
        >
          <button
            className="fd-button--light"
            disabled={false}
            selected={false}
          >
            Context Switcher
          </button>
        </div>
        <div
          aria-hidden={true}
          className="fd-popover__body"
        >
          <nav
            className="fd-menu"
          >
            <ul
              className="fd-menu__list"
            >
              <li>
                <a
                  className="fd-menu__item"
                  href="/"
                >
                  Option 1
                </a>
              </li>
              <li>
                <a
                  className="fd-menu__item"
                  href="/"
                >
                  Option 2
                </a>
              </li>
              <li>
                <a
                  className="fd-menu__item"
                  href="/"
                >
                  Option 3
                </a>
              </li>
              <li>
                <a
                  className="fd-menu__item"
                  href="/"
                >
                  Option 4
                </a>
              </li>
            </ul>
          </nav>
        </div>
      </div>
    </div>
    <div
      className="fd-global-nav__actions"
    >
      <button
        className="fd-button--light sap-icon--search fd-global-nav__btn"
        disabled={false}
        selected={false}
      />
      <button
        className="fd-button--light sap-icon--action-settings fd-global-nav__btn"
        disabled={false}
        selected={false}
      />
      <button
        className="fd-button--light fd-global-nav__btn"
        disabled={false}
        selected={false}
      >
        <span
          className="fd-identifier--s fd-identifier--circle"
          role=""
        >
          WW
        </span>
      </button>
    </div>
  </div>
</nav>
`;
