// Jest Snapshot v1, https://goo.gl/fbAQLP

exports[`<Table /> create table component 1`] = `
<table
  className="fd-table"
>
  <thead>
    <tr>
      <th>
        Column Header 1
      </th>
      <th>
        Column Header 2
      </th>
      <th>
        Column Header 3
      </th>
      <th>
        Column Header 4
      </th>
    </tr>
  </thead>
  <tbody>
    <tr>
      <td>
        Data 1
      </td>
      <td>
        Data 2
      </td>
      <td>
        Data 3
      </td>
      <td>
        Data 4
      </td>
    </tr>
    <tr>
      <td>
        Data 5
      </td>
      <td>
        Data 6
      </td>
      <td>
        Data 7
      </td>
      <td>
        Data 8
      </td>
    </tr>
  </tbody>
</table>
`;

exports[`<Table /> create table component 2`] = `
<table
  className="fd-table blue"
>
  <thead>
    <tr>
      <th>
        Column Header 1
      </th>
      <th>
        Column Header 2
      </th>
      <th>
        Column Header 3
      </th>
      <th>
        Column Header 4
      </th>
    </tr>
  </thead>
  <tbody>
    <tr>
      <td>
        Data 1
      </td>
      <td>
        Data 2
      </td>
      <td>
        Data 3
      </td>
      <td>
        Data 4
      </td>
    </tr>
    <tr>
      <td>
        Data 5
      </td>
      <td>
        Data 6
      </td>
      <td>
        Data 7
      </td>
      <td>
        Data 8
      </td>
    </tr>
  </tbody>
</table>
`;
