// Jest Snapshot v1, https://goo.gl/fbAQLP

exports[`<Popover /> create Popover 1`] = `
<span
  onFocus={[Function]}
  onMouseDown={[Function]}
  onTouchStart={[Function]}
>
  <div
    className="fd-popper__control fd-popover"
  >
    <span
      className="sap-icon--cart sap-icon--xl"
      onClick={[Function]}
    />
  </div>
</span>
`;

exports[`<Popover /> create Popover 2`] = `
<span
  onFocus={[Function]}
  onMouseDown={[Function]}
  onTouchStart={[Function]}
>
  <div
    className="fd-popper__control fd-popover"
  >
    <span
      className="sap-icon--cart sap-icon--xl"
      onClick={[Function]}
    />
  </div>
</span>
`;

exports[`<Popover /> create Popover 3`] = `
<span
  onFocus={[Function]}
  onMouseDown={[Function]}
  onTouchStart={[Function]}
>
  <div
    className="fd-popper__control fd-popover"
  >
    <span
      className="sap-icon--cart sap-icon--xl"
      onClick={[Function]}
    />
  </div>
</span>
`;

exports[`<Popover /> create Popover 4`] = `
<span
  onFocus={[Function]}
  onMouseDown={[Function]}
  onTouchStart={[Function]}
>
  <div
    className="fd-popper__control fd-popover"
  >
    <span
      className="sap-icon--cart sap-icon--xl"
      onClick={[Function]}
    />
  </div>
</span>
`;
