// Jest Snapshot v1, https://goo.gl/fbAQLP

exports[`<Tabs /> create tabs component 1`] = `
Array [
  <ul
    className="fd-tabs"
    role="tablist"
  >
    <li
      className="fd-tabs__item"
    >
      <a
        aria-disabled={false}
        className=" fd-tabs__link is-selected"
        onClick={[Function]}
      />
    </li>
    <li
      className="fd-tabs__item"
    >
      <a
        aria-disabled={false}
        className=" fd-tabs__link"
        onClick={[Function]}
      />
    </li>
    <li
      className="fd-tabs__item"
    >
      <a
        aria-disabled={false}
        className=" fd-tabs__link"
        onClick={[Function]}
      />
    </li>
  </ul>,
  <div
    className="fd-tabs__panel"
  >
    Hello World
  </div>,
]
`;

exports[`<Tabs /> create tabs component 2`] = `
Array [
  <ul
    className="fd-tabs"
    role="tablist"
  >
    <li
      className="fd-tabs__item"
    >
      <a
        aria-disabled={false}
        className=" fd-tabs__link is-selected"
        onClick={[Function]}
      />
    </li>
    <li
      className="fd-tabs__item"
    >
      <a
        aria-disabled={false}
        className=" fd-tabs__link"
        onClick={[Function]}
      />
    </li>
    <li
      className="fd-tabs__item"
    >
      <a
        aria-disabled={false}
        className=" fd-tabs__link"
        onClick={[Function]}
      />
    </li>
  </ul>,
  <div
    className="fd-tabs__panel"
  >
    Hello World
  </div>,
]
`;
