// Jest Snapshot v1, https://goo.gl/fbAQLP

exports[`<DatePicker /> create date picker 1`] = `
<div
  className="fd-date-picker"
>
  <div
    className="fd-popover"
  >
    <div
      className="fd-popover__control"
    >
      <div
        className="fd-input-group fd-input-group--after"
      >
        <input
          className="fd-input"
          onChange={[Function]}
          onClick={[Function]}
          onKeyPress={[Function]}
          placeholder="mm/dd/yyyy"
          type="text"
          value=""
        />
        <span
          className="fd-input-group__addon fd-input-group__addon--after fd-input-group__addon--button"
        >
          <button
            className="fd-popover__control fd-button--light sap-icon--calendar"
            onClick={[Function]}
          />
        </span>
      </div>
    </div>
    <div
      aria-hidden={true}
      className="fd-popover__body fd-popover__body--right fd-popover__body--no-arrow"
    >
      <div
        className="fd-calendar"
      >
        <header
          className="fd-calendar__header"
        >
          <div
            className="fd-calendar__navigation"
          >
            <div
              className="fd-calendar__action"
            >
              <button
                className="fd-button--standard fd-button--light fd-button--compact sap-icon--slim-arrow-left"
                onClick={[Function]}
              />
            </div>
            <div
              className="fd-calendar__action"
            >
              <button
                className="fd-button--light fd-button--compact"
                onClick={[Function]}
              >
                <span>
                  November
                </span>
              </button>
            </div>
            <div
              className="fd-calendar__action"
            >
              <button
                className="fd-button--light fd-button--compact"
                onClick={[Function]}
              >
                <span>
                  2018
                </span>
              </button>
            </div>
            <div
              className="fd-calendar__action"
              onClick={[Function]}
            >
              <button
                className="fd-button--standard fd-button--light fd-button--compact sap-icon--slim-arrow-right"
              />
            </div>
          </div>
        </header>
        <div
          className="fd-calendar__content"
        >
          <div
            className="fd-calendar__dates"
          >
            <table
              className="fd-calendar__table"
            >
              <thead
                className="fd-calendar__group"
              >
                <tr
                  className="fd-calendar__row"
                >
                  <th
                    className="fd-calendar__column-header"
                  >
                    <span
                      className="fd-calendar__day-of-week"
                    >
                      S
                    </span>
                  </th>
                  <th
                    className="fd-calendar__column-header"
                  >
                    <span
                      className="fd-calendar__day-of-week"
                    >
                      M
                    </span>
                  </th>
                  <th
                    className="fd-calendar__column-header"
                  >
                    <span
                      className="fd-calendar__day-of-week"
                    >
                      T
                    </span>
                  </th>
                  <th
                    className="fd-calendar__column-header"
                  >
                    <span
                      className="fd-calendar__day-of-week"
                    >
                      W
                    </span>
                  </th>
                  <th
                    className="fd-calendar__column-header"
                  >
                    <span
                      className="fd-calendar__day-of-week"
                    >
                      T
                    </span>
                  </th>
                  <th
                    className="fd-calendar__column-header"
                  >
                    <span
                      className="fd-calendar__day-of-week"
                    >
                      F
                    </span>
                  </th>
                  <th
                    className="fd-calendar__column-header"
                  >
                    <span
                      className="fd-calendar__day-of-week"
                    >
                      S
                    </span>
                  </th>
                </tr>
              </thead>
              <tbody
                className="fd-calendar__group"
              >
                <tr
                  className="fd-calendar__row"
                >
                  <td
                    className="fd-calendar__item fd-calendar__item--other-month     "
                    onClick={[Function]}
                    role="gridcell"
                  >
                    <span
                      className="fd-calendar__text"
                    >
                      28
                    </span>
                  </td>
                  <td
                    className="fd-calendar__item fd-calendar__item--other-month     "
                    onClick={[Function]}
                    role="gridcell"
                  >
                    <span
                      className="fd-calendar__text"
                    >
                      29
                    </span>
                  </td>
                  <td
                    className="fd-calendar__item fd-calendar__item--other-month     "
                    onClick={[Function]}
                    role="gridcell"
                  >
                    <span
                      className="fd-calendar__text"
                    >
                      30
                    </span>
                  </td>
                  <td
                    className="fd-calendar__item fd-calendar__item--other-month     "
                    onClick={[Function]}
                    role="gridcell"
                  >
                    <span
                      className="fd-calendar__text"
                    >
                      31
                    </span>
                  </td>
                  <td
                    className="fd-calendar__item fd-calendar__item     "
                    onClick={[Function]}
                    role="gridcell"
                  >
                    <span
                      className="fd-calendar__text"
                    >
                      1
                    </span>
                  </td>
                  <td
                    className="fd-calendar__item fd-calendar__item     "
                    onClick={[Function]}
                    role="gridcell"
                  >
                    <span
                      className="fd-calendar__text"
                    >
                      2
                    </span>
                  </td>
                  <td
                    className="fd-calendar__item fd-calendar__item     "
                    onClick={[Function]}
                    role="gridcell"
                  >
                    <span
                      className="fd-calendar__text"
                    >
                      3
                    </span>
                  </td>
                </tr>
                <tr
                  className="fd-calendar__row"
                >
                  <td
                    className="fd-calendar__item fd-calendar__item     "
                    onClick={[Function]}
                    role="gridcell"
                  >
                    <span
                      className="fd-calendar__text"
                    >
                      4
                    </span>
                  </td>
                  <td
                    className="fd-calendar__item fd-calendar__item     "
                    onClick={[Function]}
                    role="gridcell"
                  >
                    <span
                      className="fd-calendar__text"
                    >
                      5
                    </span>
                  </td>
                  <td
                    className="fd-calendar__item fd-calendar__item     "
                    onClick={[Function]}
                    role="gridcell"
                  >
                    <span
                      className="fd-calendar__text"
                    >
                      6
                    </span>
                  </td>
                  <td
                    className="fd-calendar__item fd-calendar__item     "
                    onClick={[Function]}
                    role="gridcell"
                  >
                    <span
                      className="fd-calendar__text"
                    >
                      7
                    </span>
                  </td>
                  <td
                    className="fd-calendar__item fd-calendar__item     "
                    onClick={[Function]}
                    role="gridcell"
                  >
                    <span
                      className="fd-calendar__text"
                    >
                      8
                    </span>
                  </td>
                  <td
                    className="fd-calendar__item fd-calendar__item     "
                    onClick={[Function]}
                    role="gridcell"
                  >
                    <span
                      className="fd-calendar__text"
                    >
                      9
                    </span>
                  </td>
                  <td
                    className="fd-calendar__item fd-calendar__item     "
                    onClick={[Function]}
                    role="gridcell"
                  >
                    <span
                      className="fd-calendar__text"
                    >
                      10
                    </span>
                  </td>
                </tr>
                <tr
                  className="fd-calendar__row"
                >
                  <td
                    className="fd-calendar__item fd-calendar__item     "
                    onClick={[Function]}
                    role="gridcell"
                  >
                    <span
                      className="fd-calendar__text"
                    >
                      11
                    </span>
                  </td>
                  <td
                    className="fd-calendar__item fd-calendar__item     "
                    onClick={[Function]}
                    role="gridcell"
                  >
                    <span
                      className="fd-calendar__text"
                    >
                      12
                    </span>
                  </td>
                  <td
                    className="fd-calendar__item fd-calendar__item     "
                    onClick={[Function]}
                    role="gridcell"
                  >
                    <span
                      className="fd-calendar__text"
                    >
                      13
                    </span>
                  </td>
                  <td
                    className="fd-calendar__item fd-calendar__item     "
                    onClick={[Function]}
                    role="gridcell"
                  >
                    <span
                      className="fd-calendar__text"
                    >
                      14
                    </span>
                  </td>
                  <td
                    className="fd-calendar__item fd-calendar__item     "
                    onClick={[Function]}
                    role="gridcell"
                  >
                    <span
                      className="fd-calendar__text"
                    >
                      15
                    </span>
                  </td>
                  <td
                    className="fd-calendar__item fd-calendar__item     "
                    onClick={[Function]}
                    role="gridcell"
                  >
                    <span
                      className="fd-calendar__text"
                    >
                      16
                    </span>
                  </td>
                  <td
                    className="fd-calendar__item fd-calendar__item fd-calendar__item--current    "
                    onClick={[Function]}
                    role="gridcell"
                  >
                    <span
                      className="fd-calendar__text"
                    >
                      17
                    </span>
                  </td>
                </tr>
                <tr
                  className="fd-calendar__row"
                >
                  <td
                    className="fd-calendar__item fd-calendar__item     "
                    onClick={[Function]}
                    role="gridcell"
                  >
                    <span
                      className="fd-calendar__text"
                    >
                      18
                    </span>
                  </td>
                  <td
                    className="fd-calendar__item fd-calendar__item     "
                    onClick={[Function]}
                    role="gridcell"
                  >
                    <span
                      className="fd-calendar__text"
                    >
                      19
                    </span>
                  </td>
                  <td
                    className="fd-calendar__item fd-calendar__item     "
                    onClick={[Function]}
                    role="gridcell"
                  >
                    <span
                      className="fd-calendar__text"
                    >
                      20
                    </span>
                  </td>
                  <td
                    className="fd-calendar__item fd-calendar__item     "
                    onClick={[Function]}
                    role="gridcell"
                  >
                    <span
                      className="fd-calendar__text"
                    >
                      21
                    </span>
                  </td>
                  <td
                    className="fd-calendar__item fd-calendar__item     "
                    onClick={[Function]}
                    role="gridcell"
                  >
                    <span
                      className="fd-calendar__text"
                    >
                      22
                    </span>
                  </td>
                  <td
                    className="fd-calendar__item fd-calendar__item     "
                    onClick={[Function]}
                    role="gridcell"
                  >
                    <span
                      className="fd-calendar__text"
                    >
                      23
                    </span>
                  </td>
                  <td
                    className="fd-calendar__item fd-calendar__item     "
                    onClick={[Function]}
                    role="gridcell"
                  >
                    <span
                      className="fd-calendar__text"
                    >
                      24
                    </span>
                  </td>
                </tr>
                <tr
                  className="fd-calendar__row"
                >
                  <td
                    className="fd-calendar__item fd-calendar__item     "
                    onClick={[Function]}
                    role="gridcell"
                  >
                    <span
                      className="fd-calendar__text"
                    >
                      25
                    </span>
                  </td>
                  <td
                    className="fd-calendar__item fd-calendar__item     "
                    onClick={[Function]}
                    role="gridcell"
                  >
                    <span
                      className="fd-calendar__text"
                    >
                      26
                    </span>
                  </td>
                  <td
                    className="fd-calendar__item fd-calendar__item     "
                    onClick={[Function]}
                    role="gridcell"
                  >
                    <span
                      className="fd-calendar__text"
                    >
                      27
                    </span>
                  </td>
                  <td
                    className="fd-calendar__item fd-calendar__item     "
                    onClick={[Function]}
                    role="gridcell"
                  >
                    <span
                      className="fd-calendar__text"
                    >
                      28
                    </span>
                  </td>
                  <td
                    className="fd-calendar__item fd-calendar__item     "
                    onClick={[Function]}
                    role="gridcell"
                  >
                    <span
                      className="fd-calendar__text"
                    >
                      29
                    </span>
                  </td>
                  <td
                    className="fd-calendar__item fd-calendar__item     "
                    onClick={[Function]}
                    role="gridcell"
                  >
                    <span
                      className="fd-calendar__text"
                    >
                      30
                    </span>
                  </td>
                  <td
                    className="fd-calendar__item fd-calendar__item--other-month     "
                    onClick={[Function]}
                    role="gridcell"
                  >
                    <span
                      className="fd-calendar__text"
                    >
                      1
                    </span>
                  </td>
                </tr>
              </tbody>
            </table>
          </div>
        </div>
      </div>
    </div>
  </div>
</div>
`;

exports[`<DatePicker /> create date picker 2`] = `
<div
  className="fd-date-picker"
>
  <div
    className="fd-popover"
  >
    <div
      className="fd-popover__control"
    >
      <div
        className="fd-input-group fd-input-group--after fd-input-group--compact"
      >
        <input
          className="fd-input fd-input--compact"
          onChange={[Function]}
          onClick={[Function]}
          onKeyPress={[Function]}
          placeholder="mm/dd/yyyy"
          type="text"
          value=""
        />
        <span
          className="fd-input-group__addon fd-input-group__addon--after fd-input-group__addon--button"
        >
          <button
            className="fd-popover__control fd-button--light sap-icon--calendar"
            onClick={[Function]}
          />
        </span>
      </div>
    </div>
    <div
      aria-hidden={true}
      className="fd-popover__body fd-popover__body--right fd-popover__body--no-arrow"
    >
      <div
        className="fd-calendar"
      >
        <header
          className="fd-calendar__header"
        >
          <div
            className="fd-calendar__navigation"
          >
            <div
              className="fd-calendar__action"
            >
              <button
                className="fd-button--standard fd-button--light fd-button--compact sap-icon--slim-arrow-left"
                onClick={[Function]}
              />
            </div>
            <div
              className="fd-calendar__action"
            >
              <button
                className="fd-button--light fd-button--compact"
                onClick={[Function]}
              >
                <span>
                  November
                </span>
              </button>
            </div>
            <div
              className="fd-calendar__action"
            >
              <button
                className="fd-button--light fd-button--compact"
                onClick={[Function]}
              >
                <span>
                  2018
                </span>
              </button>
            </div>
            <div
              className="fd-calendar__action"
              onClick={[Function]}
            >
              <button
                className="fd-button--standard fd-button--light fd-button--compact sap-icon--slim-arrow-right"
              />
            </div>
          </div>
        </header>
        <div
          className="fd-calendar__content"
        >
          <div
            className="fd-calendar__dates"
          >
            <table
              className="fd-calendar__table"
            >
              <thead
                className="fd-calendar__group"
              >
                <tr
                  className="fd-calendar__row"
                >
                  <th
                    className="fd-calendar__column-header"
                  >
                    <span
                      className="fd-calendar__day-of-week"
                    >
                      S
                    </span>
                  </th>
                  <th
                    className="fd-calendar__column-header"
                  >
                    <span
                      className="fd-calendar__day-of-week"
                    >
                      M
                    </span>
                  </th>
                  <th
                    className="fd-calendar__column-header"
                  >
                    <span
                      className="fd-calendar__day-of-week"
                    >
                      T
                    </span>
                  </th>
                  <th
                    className="fd-calendar__column-header"
                  >
                    <span
                      className="fd-calendar__day-of-week"
                    >
                      W
                    </span>
                  </th>
                  <th
                    className="fd-calendar__column-header"
                  >
                    <span
                      className="fd-calendar__day-of-week"
                    >
                      T
                    </span>
                  </th>
                  <th
                    className="fd-calendar__column-header"
                  >
                    <span
                      className="fd-calendar__day-of-week"
                    >
                      F
                    </span>
                  </th>
                  <th
                    className="fd-calendar__column-header"
                  >
                    <span
                      className="fd-calendar__day-of-week"
                    >
                      S
                    </span>
                  </th>
                </tr>
              </thead>
              <tbody
                className="fd-calendar__group"
              >
                <tr
                  className="fd-calendar__row"
                >
                  <td
                    className="fd-calendar__item fd-calendar__item--other-month     "
                    onClick={[Function]}
                    role="gridcell"
                  >
                    <span
                      className="fd-calendar__text"
                    >
                      28
                    </span>
                  </td>
                  <td
                    className="fd-calendar__item fd-calendar__item--other-month     "
                    onClick={[Function]}
                    role="gridcell"
                  >
                    <span
                      className="fd-calendar__text"
                    >
                      29
                    </span>
                  </td>
                  <td
                    className="fd-calendar__item fd-calendar__item--other-month     "
                    onClick={[Function]}
                    role="gridcell"
                  >
                    <span
                      className="fd-calendar__text"
                    >
                      30
                    </span>
                  </td>
                  <td
                    className="fd-calendar__item fd-calendar__item--other-month     "
                    onClick={[Function]}
                    role="gridcell"
                  >
                    <span
                      className="fd-calendar__text"
                    >
                      31
                    </span>
                  </td>
                  <td
                    className="fd-calendar__item fd-calendar__item     "
                    onClick={[Function]}
                    role="gridcell"
                  >
                    <span
                      className="fd-calendar__text"
                    >
                      1
                    </span>
                  </td>
                  <td
                    className="fd-calendar__item fd-calendar__item     "
                    onClick={[Function]}
                    role="gridcell"
                  >
                    <span
                      className="fd-calendar__text"
                    >
                      2
                    </span>
                  </td>
                  <td
                    className="fd-calendar__item fd-calendar__item     "
                    onClick={[Function]}
                    role="gridcell"
                  >
                    <span
                      className="fd-calendar__text"
                    >
                      3
                    </span>
                  </td>
                </tr>
                <tr
                  className="fd-calendar__row"
                >
                  <td
                    className="fd-calendar__item fd-calendar__item     "
                    onClick={[Function]}
                    role="gridcell"
                  >
                    <span
                      className="fd-calendar__text"
                    >
                      4
                    </span>
                  </td>
                  <td
                    className="fd-calendar__item fd-calendar__item     "
                    onClick={[Function]}
                    role="gridcell"
                  >
                    <span
                      className="fd-calendar__text"
                    >
                      5
                    </span>
                  </td>
                  <td
                    className="fd-calendar__item fd-calendar__item     "
                    onClick={[Function]}
                    role="gridcell"
                  >
                    <span
                      className="fd-calendar__text"
                    >
                      6
                    </span>
                  </td>
                  <td
                    className="fd-calendar__item fd-calendar__item     "
                    onClick={[Function]}
                    role="gridcell"
                  >
                    <span
                      className="fd-calendar__text"
                    >
                      7
                    </span>
                  </td>
                  <td
                    className="fd-calendar__item fd-calendar__item     "
                    onClick={[Function]}
                    role="gridcell"
                  >
                    <span
                      className="fd-calendar__text"
                    >
                      8
                    </span>
                  </td>
                  <td
                    className="fd-calendar__item fd-calendar__item     "
                    onClick={[Function]}
                    role="gridcell"
                  >
                    <span
                      className="fd-calendar__text"
                    >
                      9
                    </span>
                  </td>
                  <td
                    className="fd-calendar__item fd-calendar__item     "
                    onClick={[Function]}
                    role="gridcell"
                  >
                    <span
                      className="fd-calendar__text"
                    >
                      10
                    </span>
                  </td>
                </tr>
                <tr
                  className="fd-calendar__row"
                >
                  <td
                    className="fd-calendar__item fd-calendar__item     "
                    onClick={[Function]}
                    role="gridcell"
                  >
                    <span
                      className="fd-calendar__text"
                    >
                      11
                    </span>
                  </td>
                  <td
                    className="fd-calendar__item fd-calendar__item     "
                    onClick={[Function]}
                    role="gridcell"
                  >
                    <span
                      className="fd-calendar__text"
                    >
                      12
                    </span>
                  </td>
                  <td
                    className="fd-calendar__item fd-calendar__item     "
                    onClick={[Function]}
                    role="gridcell"
                  >
                    <span
                      className="fd-calendar__text"
                    >
                      13
                    </span>
                  </td>
                  <td
                    className="fd-calendar__item fd-calendar__item     "
                    onClick={[Function]}
                    role="gridcell"
                  >
                    <span
                      className="fd-calendar__text"
                    >
                      14
                    </span>
                  </td>
                  <td
                    className="fd-calendar__item fd-calendar__item     "
                    onClick={[Function]}
                    role="gridcell"
                  >
                    <span
                      className="fd-calendar__text"
                    >
                      15
                    </span>
                  </td>
                  <td
                    className="fd-calendar__item fd-calendar__item     "
                    onClick={[Function]}
                    role="gridcell"
                  >
                    <span
                      className="fd-calendar__text"
                    >
                      16
                    </span>
                  </td>
                  <td
                    className="fd-calendar__item fd-calendar__item fd-calendar__item--current    "
                    onClick={[Function]}
                    role="gridcell"
                  >
                    <span
                      className="fd-calendar__text"
                    >
                      17
                    </span>
                  </td>
                </tr>
                <tr
                  className="fd-calendar__row"
                >
                  <td
                    className="fd-calendar__item fd-calendar__item     "
                    onClick={[Function]}
                    role="gridcell"
                  >
                    <span
                      className="fd-calendar__text"
                    >
                      18
                    </span>
                  </td>
                  <td
                    className="fd-calendar__item fd-calendar__item     "
                    onClick={[Function]}
                    role="gridcell"
                  >
                    <span
                      className="fd-calendar__text"
                    >
                      19
                    </span>
                  </td>
                  <td
                    className="fd-calendar__item fd-calendar__item     "
                    onClick={[Function]}
                    role="gridcell"
                  >
                    <span
                      className="fd-calendar__text"
                    >
                      20
                    </span>
                  </td>
                  <td
                    className="fd-calendar__item fd-calendar__item     "
                    onClick={[Function]}
                    role="gridcell"
                  >
                    <span
                      className="fd-calendar__text"
                    >
                      21
                    </span>
                  </td>
                  <td
                    className="fd-calendar__item fd-calendar__item     "
                    onClick={[Function]}
                    role="gridcell"
                  >
                    <span
                      className="fd-calendar__text"
                    >
                      22
                    </span>
                  </td>
                  <td
                    className="fd-calendar__item fd-calendar__item     "
                    onClick={[Function]}
                    role="gridcell"
                  >
                    <span
                      className="fd-calendar__text"
                    >
                      23
                    </span>
                  </td>
                  <td
                    className="fd-calendar__item fd-calendar__item     "
                    onClick={[Function]}
                    role="gridcell"
                  >
                    <span
                      className="fd-calendar__text"
                    >
                      24
                    </span>
                  </td>
                </tr>
                <tr
                  className="fd-calendar__row"
                >
                  <td
                    className="fd-calendar__item fd-calendar__item     "
                    onClick={[Function]}
                    role="gridcell"
                  >
                    <span
                      className="fd-calendar__text"
                    >
                      25
                    </span>
                  </td>
                  <td
                    className="fd-calendar__item fd-calendar__item     "
                    onClick={[Function]}
                    role="gridcell"
                  >
                    <span
                      className="fd-calendar__text"
                    >
                      26
                    </span>
                  </td>
                  <td
                    className="fd-calendar__item fd-calendar__item     "
                    onClick={[Function]}
                    role="gridcell"
                  >
                    <span
                      className="fd-calendar__text"
                    >
                      27
                    </span>
                  </td>
                  <td
                    className="fd-calendar__item fd-calendar__item     "
                    onClick={[Function]}
                    role="gridcell"
                  >
                    <span
                      className="fd-calendar__text"
                    >
                      28
                    </span>
                  </td>
                  <td
                    className="fd-calendar__item fd-calendar__item     "
                    onClick={[Function]}
                    role="gridcell"
                  >
                    <span
                      className="fd-calendar__text"
                    >
                      29
                    </span>
                  </td>
                  <td
                    className="fd-calendar__item fd-calendar__item     "
                    onClick={[Function]}
                    role="gridcell"
                  >
                    <span
                      className="fd-calendar__text"
                    >
                      30
                    </span>
                  </td>
                  <td
                    className="fd-calendar__item fd-calendar__item--other-month     "
                    onClick={[Function]}
                    role="gridcell"
                  >
                    <span
                      className="fd-calendar__text"
                    >
                      1
                    </span>
                  </td>
                </tr>
              </tbody>
            </table>
          </div>
        </div>
      </div>
    </div>
  </div>
</div>
`;

exports[`<DatePicker /> create date picker 3`] = `
<div
  className="fd-date-picker"
>
  <div
    className="fd-popover"
  >
    <div
      className="fd-popover__control"
    >
      <div
        className="fd-input-group fd-input-group--after"
      >
        <input
          className="fd-input"
          onChange={[Function]}
          onClick={[Function]}
          onKeyPress={[Function]}
          placeholder="mm/dd/yyyy"
          type="text"
          value=""
        />
        <span
          className="fd-input-group__addon fd-input-group__addon--after fd-input-group__addon--button"
        >
          <button
            className="fd-popover__control fd-button--light sap-icon--calendar"
            onClick={[Function]}
          />
        </span>
      </div>
    </div>
    <div
      aria-hidden={true}
      className="fd-popover__body fd-popover__body--right fd-popover__body--no-arrow"
    >
      <div
        className="fd-calendar"
      >
        <header
          className="fd-calendar__header"
        >
          <div
            className="fd-calendar__navigation"
          >
            <div
              className="fd-calendar__action"
            >
              <button
                className="fd-button--standard fd-button--light fd-button--compact sap-icon--slim-arrow-left"
                onClick={[Function]}
              />
            </div>
            <div
              className="fd-calendar__action"
            >
              <button
                className="fd-button--light fd-button--compact"
                onClick={[Function]}
              >
                <span>
                  November
                </span>
              </button>
            </div>
            <div
              className="fd-calendar__action"
            >
              <button
                className="fd-button--light fd-button--compact"
                onClick={[Function]}
              >
                <span>
                  2018
                </span>
              </button>
            </div>
            <div
              className="fd-calendar__action"
              onClick={[Function]}
            >
              <button
                className="fd-button--standard fd-button--light fd-button--compact sap-icon--slim-arrow-right"
              />
            </div>
          </div>
        </header>
        <div
          className="fd-calendar__content"
        >
          <div
            className="fd-calendar__dates"
          >
            <table
              className="fd-calendar__table"
            >
              <thead
                className="fd-calendar__group"
              >
                <tr
                  className="fd-calendar__row"
                >
                  <th
                    className="fd-calendar__column-header"
                  >
                    <span
                      className="fd-calendar__day-of-week"
                    >
                      S
                    </span>
                  </th>
                  <th
                    className="fd-calendar__column-header"
                  >
                    <span
                      className="fd-calendar__day-of-week"
                    >
                      M
                    </span>
                  </th>
                  <th
                    className="fd-calendar__column-header"
                  >
                    <span
                      className="fd-calendar__day-of-week"
                    >
                      T
                    </span>
                  </th>
                  <th
                    className="fd-calendar__column-header"
                  >
                    <span
                      className="fd-calendar__day-of-week"
                    >
                      W
                    </span>
                  </th>
                  <th
                    className="fd-calendar__column-header"
                  >
                    <span
                      className="fd-calendar__day-of-week"
                    >
                      T
                    </span>
                  </th>
                  <th
                    className="fd-calendar__column-header"
                  >
                    <span
                      className="fd-calendar__day-of-week"
                    >
                      F
                    </span>
                  </th>
                  <th
                    className="fd-calendar__column-header"
                  >
                    <span
                      className="fd-calendar__day-of-week"
                    >
                      S
                    </span>
                  </th>
                </tr>
              </thead>
              <tbody
                className="fd-calendar__group"
              >
                <tr
                  className="fd-calendar__row"
                >
                  <td
                    className="fd-calendar__item fd-calendar__item--other-month     "
                    onClick={[Function]}
                    role="gridcell"
                  >
                    <span
                      className="fd-calendar__text"
                    >
                      28
                    </span>
                  </td>
                  <td
                    className="fd-calendar__item fd-calendar__item--other-month     "
                    onClick={[Function]}
                    role="gridcell"
                  >
                    <span
                      className="fd-calendar__text"
                    >
                      29
                    </span>
                  </td>
                  <td
                    className="fd-calendar__item fd-calendar__item--other-month     "
                    onClick={[Function]}
                    role="gridcell"
                  >
                    <span
                      className="fd-calendar__text"
                    >
                      30
                    </span>
                  </td>
                  <td
                    className="fd-calendar__item fd-calendar__item--other-month     "
                    onClick={[Function]}
                    role="gridcell"
                  >
                    <span
                      className="fd-calendar__text"
                    >
                      31
                    </span>
                  </td>
                  <td
                    className="fd-calendar__item fd-calendar__item     "
                    onClick={[Function]}
                    role="gridcell"
                  >
                    <span
                      className="fd-calendar__text"
                    >
                      1
                    </span>
                  </td>
                  <td
                    className="fd-calendar__item fd-calendar__item     "
                    onClick={[Function]}
                    role="gridcell"
                  >
                    <span
                      className="fd-calendar__text"
                    >
                      2
                    </span>
                  </td>
                  <td
                    className="fd-calendar__item fd-calendar__item     "
                    onClick={[Function]}
                    role="gridcell"
                  >
                    <span
                      className="fd-calendar__text"
                    >
                      3
                    </span>
                  </td>
                </tr>
                <tr
                  className="fd-calendar__row"
                >
                  <td
                    className="fd-calendar__item fd-calendar__item     "
                    onClick={[Function]}
                    role="gridcell"
                  >
                    <span
                      className="fd-calendar__text"
                    >
                      4
                    </span>
                  </td>
                  <td
                    className="fd-calendar__item fd-calendar__item     "
                    onClick={[Function]}
                    role="gridcell"
                  >
                    <span
                      className="fd-calendar__text"
                    >
                      5
                    </span>
                  </td>
                  <td
                    className="fd-calendar__item fd-calendar__item     "
                    onClick={[Function]}
                    role="gridcell"
                  >
                    <span
                      className="fd-calendar__text"
                    >
                      6
                    </span>
                  </td>
                  <td
                    className="fd-calendar__item fd-calendar__item     "
                    onClick={[Function]}
                    role="gridcell"
                  >
                    <span
                      className="fd-calendar__text"
                    >
                      7
                    </span>
                  </td>
                  <td
                    className="fd-calendar__item fd-calendar__item     "
                    onClick={[Function]}
                    role="gridcell"
                  >
                    <span
                      className="fd-calendar__text"
                    >
                      8
                    </span>
                  </td>
                  <td
                    className="fd-calendar__item fd-calendar__item     "
                    onClick={[Function]}
                    role="gridcell"
                  >
                    <span
                      className="fd-calendar__text"
                    >
                      9
                    </span>
                  </td>
                  <td
                    className="fd-calendar__item fd-calendar__item     "
                    onClick={[Function]}
                    role="gridcell"
                  >
                    <span
                      className="fd-calendar__text"
                    >
                      10
                    </span>
                  </td>
                </tr>
                <tr
                  className="fd-calendar__row"
                >
                  <td
                    className="fd-calendar__item fd-calendar__item     "
                    onClick={[Function]}
                    role="gridcell"
                  >
                    <span
                      className="fd-calendar__text"
                    >
                      11
                    </span>
                  </td>
                  <td
                    className="fd-calendar__item fd-calendar__item     "
                    onClick={[Function]}
                    role="gridcell"
                  >
                    <span
                      className="fd-calendar__text"
                    >
                      12
                    </span>
                  </td>
                  <td
                    className="fd-calendar__item fd-calendar__item     "
                    onClick={[Function]}
                    role="gridcell"
                  >
                    <span
                      className="fd-calendar__text"
                    >
                      13
                    </span>
                  </td>
                  <td
                    className="fd-calendar__item fd-calendar__item     "
                    onClick={[Function]}
                    role="gridcell"
                  >
                    <span
                      className="fd-calendar__text"
                    >
                      14
                    </span>
                  </td>
                  <td
                    className="fd-calendar__item fd-calendar__item     "
                    onClick={[Function]}
                    role="gridcell"
                  >
                    <span
                      className="fd-calendar__text"
                    >
                      15
                    </span>
                  </td>
                  <td
                    className="fd-calendar__item fd-calendar__item     "
                    onClick={[Function]}
                    role="gridcell"
                  >
                    <span
                      className="fd-calendar__text"
                    >
                      16
                    </span>
                  </td>
                  <td
                    className="fd-calendar__item fd-calendar__item fd-calendar__item--current    "
                    onClick={[Function]}
                    role="gridcell"
                  >
                    <span
                      className="fd-calendar__text"
                    >
                      17
                    </span>
                  </td>
                </tr>
                <tr
                  className="fd-calendar__row"
                >
                  <td
                    className="fd-calendar__item fd-calendar__item     "
                    onClick={[Function]}
                    role="gridcell"
                  >
                    <span
                      className="fd-calendar__text"
                    >
                      18
                    </span>
                  </td>
                  <td
                    className="fd-calendar__item fd-calendar__item     "
                    onClick={[Function]}
                    role="gridcell"
                  >
                    <span
                      className="fd-calendar__text"
                    >
                      19
                    </span>
                  </td>
                  <td
                    className="fd-calendar__item fd-calendar__item     "
                    onClick={[Function]}
                    role="gridcell"
                  >
                    <span
                      className="fd-calendar__text"
                    >
                      20
                    </span>
                  </td>
                  <td
                    className="fd-calendar__item fd-calendar__item     "
                    onClick={[Function]}
                    role="gridcell"
                  >
                    <span
                      className="fd-calendar__text"
                    >
                      21
                    </span>
                  </td>
                  <td
                    className="fd-calendar__item fd-calendar__item     "
                    onClick={[Function]}
                    role="gridcell"
                  >
                    <span
                      className="fd-calendar__text"
                    >
                      22
                    </span>
                  </td>
                  <td
                    className="fd-calendar__item fd-calendar__item     "
                    onClick={[Function]}
                    role="gridcell"
                  >
                    <span
                      className="fd-calendar__text"
                    >
                      23
                    </span>
                  </td>
                  <td
                    className="fd-calendar__item fd-calendar__item     "
                    onClick={[Function]}
                    role="gridcell"
                  >
                    <span
                      className="fd-calendar__text"
                    >
                      24
                    </span>
                  </td>
                </tr>
                <tr
                  className="fd-calendar__row"
                >
                  <td
                    className="fd-calendar__item fd-calendar__item     "
                    onClick={[Function]}
                    role="gridcell"
                  >
                    <span
                      className="fd-calendar__text"
                    >
                      25
                    </span>
                  </td>
                  <td
                    className="fd-calendar__item fd-calendar__item     "
                    onClick={[Function]}
                    role="gridcell"
                  >
                    <span
                      className="fd-calendar__text"
                    >
                      26
                    </span>
                  </td>
                  <td
                    className="fd-calendar__item fd-calendar__item     "
                    onClick={[Function]}
                    role="gridcell"
                  >
                    <span
                      className="fd-calendar__text"
                    >
                      27
                    </span>
                  </td>
                  <td
                    className="fd-calendar__item fd-calendar__item     "
                    onClick={[Function]}
                    role="gridcell"
                  >
                    <span
                      className="fd-calendar__text"
                    >
                      28
                    </span>
                  </td>
                  <td
                    className="fd-calendar__item fd-calendar__item     "
                    onClick={[Function]}
                    role="gridcell"
                  >
                    <span
                      className="fd-calendar__text"
                    >
                      29
                    </span>
                  </td>
                  <td
                    className="fd-calendar__item fd-calendar__item     "
                    onClick={[Function]}
                    role="gridcell"
                  >
                    <span
                      className="fd-calendar__text"
                    >
                      30
                    </span>
                  </td>
                  <td
                    className="fd-calendar__item fd-calendar__item--other-month     "
                    onClick={[Function]}
                    role="gridcell"
                  >
                    <span
                      className="fd-calendar__text"
                    >
                      1
                    </span>
                  </td>
                </tr>
              </tbody>
            </table>
          </div>
        </div>
      </div>
    </div>
  </div>
</div>
`;

exports[`<DatePicker /> create date picker 4`] = `
<div
  className="fd-date-picker"
>
  <div
    className="fd-popover"
  >
    <div
      className="fd-popover__control"
    >
      <div
        className="fd-input-group fd-input-group--after fd-input-group--compact"
      >
        <input
          className="fd-input fd-input--compact"
          onChange={[Function]}
          onClick={[Function]}
          onKeyPress={[Function]}
          placeholder="mm/dd/yyyy"
          type="text"
          value=""
        />
        <span
          className="fd-input-group__addon fd-input-group__addon--after fd-input-group__addon--button"
        >
          <button
            className="fd-popover__control fd-button--light sap-icon--calendar"
            onClick={[Function]}
          />
        </span>
      </div>
    </div>
    <div
      aria-hidden={true}
      className="fd-popover__body fd-popover__body--right fd-popover__body--no-arrow"
    >
      <div
        className="fd-calendar"
      >
        <header
          className="fd-calendar__header"
        >
          <div
            className="fd-calendar__navigation"
          >
            <div
              className="fd-calendar__action"
            >
              <button
                className="fd-button--standard fd-button--light fd-button--compact sap-icon--slim-arrow-left"
                onClick={[Function]}
              />
            </div>
            <div
              className="fd-calendar__action"
            >
              <button
                className="fd-button--light fd-button--compact"
                onClick={[Function]}
              >
                <span>
                  November
                </span>
              </button>
            </div>
            <div
              className="fd-calendar__action"
            >
              <button
                className="fd-button--light fd-button--compact"
                onClick={[Function]}
              >
                <span>
                  2018
                </span>
              </button>
            </div>
            <div
              className="fd-calendar__action"
              onClick={[Function]}
            >
              <button
                className="fd-button--standard fd-button--light fd-button--compact sap-icon--slim-arrow-right"
              />
            </div>
          </div>
        </header>
        <div
          className="fd-calendar__content"
        >
          <div
            className="fd-calendar__dates"
          >
            <table
              className="fd-calendar__table"
            >
              <thead
                className="fd-calendar__group"
              >
                <tr
                  className="fd-calendar__row"
                >
                  <th
                    className="fd-calendar__column-header"
                  >
                    <span
                      className="fd-calendar__day-of-week"
                    >
                      S
                    </span>
                  </th>
                  <th
                    className="fd-calendar__column-header"
                  >
                    <span
                      className="fd-calendar__day-of-week"
                    >
                      M
                    </span>
                  </th>
                  <th
                    className="fd-calendar__column-header"
                  >
                    <span
                      className="fd-calendar__day-of-week"
                    >
                      T
                    </span>
                  </th>
                  <th
                    className="fd-calendar__column-header"
                  >
                    <span
                      className="fd-calendar__day-of-week"
                    >
                      W
                    </span>
                  </th>
                  <th
                    className="fd-calendar__column-header"
                  >
                    <span
                      className="fd-calendar__day-of-week"
                    >
                      T
                    </span>
                  </th>
                  <th
                    className="fd-calendar__column-header"
                  >
                    <span
                      className="fd-calendar__day-of-week"
                    >
                      F
                    </span>
                  </th>
                  <th
                    className="fd-calendar__column-header"
                  >
                    <span
                      className="fd-calendar__day-of-week"
                    >
                      S
                    </span>
                  </th>
                </tr>
              </thead>
              <tbody
                className="fd-calendar__group"
              >
                <tr
                  className="fd-calendar__row"
                >
                  <td
                    className="fd-calendar__item fd-calendar__item--other-month     "
                    onClick={[Function]}
                    role="gridcell"
                  >
                    <span
                      className="fd-calendar__text"
                    >
                      28
                    </span>
                  </td>
                  <td
                    className="fd-calendar__item fd-calendar__item--other-month     "
                    onClick={[Function]}
                    role="gridcell"
                  >
                    <span
                      className="fd-calendar__text"
                    >
                      29
                    </span>
                  </td>
                  <td
                    className="fd-calendar__item fd-calendar__item--other-month     "
                    onClick={[Function]}
                    role="gridcell"
                  >
                    <span
                      className="fd-calendar__text"
                    >
                      30
                    </span>
                  </td>
                  <td
                    className="fd-calendar__item fd-calendar__item--other-month     "
                    onClick={[Function]}
                    role="gridcell"
                  >
                    <span
                      className="fd-calendar__text"
                    >
                      31
                    </span>
                  </td>
                  <td
                    className="fd-calendar__item fd-calendar__item     "
                    onClick={[Function]}
                    role="gridcell"
                  >
                    <span
                      className="fd-calendar__text"
                    >
                      1
                    </span>
                  </td>
                  <td
                    className="fd-calendar__item fd-calendar__item     "
                    onClick={[Function]}
                    role="gridcell"
                  >
                    <span
                      className="fd-calendar__text"
                    >
                      2
                    </span>
                  </td>
                  <td
                    className="fd-calendar__item fd-calendar__item     "
                    onClick={[Function]}
                    role="gridcell"
                  >
                    <span
                      className="fd-calendar__text"
                    >
                      3
                    </span>
                  </td>
                </tr>
                <tr
                  className="fd-calendar__row"
                >
                  <td
                    className="fd-calendar__item fd-calendar__item     "
                    onClick={[Function]}
                    role="gridcell"
                  >
                    <span
                      className="fd-calendar__text"
                    >
                      4
                    </span>
                  </td>
                  <td
                    className="fd-calendar__item fd-calendar__item     "
                    onClick={[Function]}
                    role="gridcell"
                  >
                    <span
                      className="fd-calendar__text"
                    >
                      5
                    </span>
                  </td>
                  <td
                    className="fd-calendar__item fd-calendar__item     "
                    onClick={[Function]}
                    role="gridcell"
                  >
                    <span
                      className="fd-calendar__text"
                    >
                      6
                    </span>
                  </td>
                  <td
                    className="fd-calendar__item fd-calendar__item     "
                    onClick={[Function]}
                    role="gridcell"
                  >
                    <span
                      className="fd-calendar__text"
                    >
                      7
                    </span>
                  </td>
                  <td
                    className="fd-calendar__item fd-calendar__item     "
                    onClick={[Function]}
                    role="gridcell"
                  >
                    <span
                      className="fd-calendar__text"
                    >
                      8
                    </span>
                  </td>
                  <td
                    className="fd-calendar__item fd-calendar__item     "
                    onClick={[Function]}
                    role="gridcell"
                  >
                    <span
                      className="fd-calendar__text"
                    >
                      9
                    </span>
                  </td>
                  <td
                    className="fd-calendar__item fd-calendar__item     "
                    onClick={[Function]}
                    role="gridcell"
                  >
                    <span
                      className="fd-calendar__text"
                    >
                      10
                    </span>
                  </td>
                </tr>
                <tr
                  className="fd-calendar__row"
                >
                  <td
                    className="fd-calendar__item fd-calendar__item     "
                    onClick={[Function]}
                    role="gridcell"
                  >
                    <span
                      className="fd-calendar__text"
                    >
                      11
                    </span>
                  </td>
                  <td
                    className="fd-calendar__item fd-calendar__item     "
                    onClick={[Function]}
                    role="gridcell"
                  >
                    <span
                      className="fd-calendar__text"
                    >
                      12
                    </span>
                  </td>
                  <td
                    className="fd-calendar__item fd-calendar__item     "
                    onClick={[Function]}
                    role="gridcell"
                  >
                    <span
                      className="fd-calendar__text"
                    >
                      13
                    </span>
                  </td>
                  <td
                    className="fd-calendar__item fd-calendar__item     "
                    onClick={[Function]}
                    role="gridcell"
                  >
                    <span
                      className="fd-calendar__text"
                    >
                      14
                    </span>
                  </td>
                  <td
                    className="fd-calendar__item fd-calendar__item     "
                    onClick={[Function]}
                    role="gridcell"
                  >
                    <span
                      className="fd-calendar__text"
                    >
                      15
                    </span>
                  </td>
                  <td
                    className="fd-calendar__item fd-calendar__item     "
                    onClick={[Function]}
                    role="gridcell"
                  >
                    <span
                      className="fd-calendar__text"
                    >
                      16
                    </span>
                  </td>
                  <td
                    className="fd-calendar__item fd-calendar__item fd-calendar__item--current    "
                    onClick={[Function]}
                    role="gridcell"
                  >
                    <span
                      className="fd-calendar__text"
                    >
                      17
                    </span>
                  </td>
                </tr>
                <tr
                  className="fd-calendar__row"
                >
                  <td
                    className="fd-calendar__item fd-calendar__item     "
                    onClick={[Function]}
                    role="gridcell"
                  >
                    <span
                      className="fd-calendar__text"
                    >
                      18
                    </span>
                  </td>
                  <td
                    className="fd-calendar__item fd-calendar__item     "
                    onClick={[Function]}
                    role="gridcell"
                  >
                    <span
                      className="fd-calendar__text"
                    >
                      19
                    </span>
                  </td>
                  <td
                    className="fd-calendar__item fd-calendar__item     "
                    onClick={[Function]}
                    role="gridcell"
                  >
                    <span
                      className="fd-calendar__text"
                    >
                      20
                    </span>
                  </td>
                  <td
                    className="fd-calendar__item fd-calendar__item     "
                    onClick={[Function]}
                    role="gridcell"
                  >
                    <span
                      className="fd-calendar__text"
                    >
                      21
                    </span>
                  </td>
                  <td
                    className="fd-calendar__item fd-calendar__item     "
                    onClick={[Function]}
                    role="gridcell"
                  >
                    <span
                      className="fd-calendar__text"
                    >
                      22
                    </span>
                  </td>
                  <td
                    className="fd-calendar__item fd-calendar__item     "
                    onClick={[Function]}
                    role="gridcell"
                  >
                    <span
                      className="fd-calendar__text"
                    >
                      23
                    </span>
                  </td>
                  <td
                    className="fd-calendar__item fd-calendar__item     "
                    onClick={[Function]}
                    role="gridcell"
                  >
                    <span
                      className="fd-calendar__text"
                    >
                      24
                    </span>
                  </td>
                </tr>
                <tr
                  className="fd-calendar__row"
                >
                  <td
                    className="fd-calendar__item fd-calendar__item     "
                    onClick={[Function]}
                    role="gridcell"
                  >
                    <span
                      className="fd-calendar__text"
                    >
                      25
                    </span>
                  </td>
                  <td
                    className="fd-calendar__item fd-calendar__item     "
                    onClick={[Function]}
                    role="gridcell"
                  >
                    <span
                      className="fd-calendar__text"
                    >
                      26
                    </span>
                  </td>
                  <td
                    className="fd-calendar__item fd-calendar__item     "
                    onClick={[Function]}
                    role="gridcell"
                  >
                    <span
                      className="fd-calendar__text"
                    >
                      27
                    </span>
                  </td>
                  <td
                    className="fd-calendar__item fd-calendar__item     "
                    onClick={[Function]}
                    role="gridcell"
                  >
                    <span
                      className="fd-calendar__text"
                    >
                      28
                    </span>
                  </td>
                  <td
                    className="fd-calendar__item fd-calendar__item     "
                    onClick={[Function]}
                    role="gridcell"
                  >
                    <span
                      className="fd-calendar__text"
                    >
                      29
                    </span>
                  </td>
                  <td
                    className="fd-calendar__item fd-calendar__item     "
                    onClick={[Function]}
                    role="gridcell"
                  >
                    <span
                      className="fd-calendar__text"
                    >
                      30
                    </span>
                  </td>
                  <td
                    className="fd-calendar__item fd-calendar__item--other-month     "
                    onClick={[Function]}
                    role="gridcell"
                  >
                    <span
                      className="fd-calendar__text"
                    >
                      1
                    </span>
                  </td>
                </tr>
              </tbody>
            </table>
          </div>
        </div>
      </div>
    </div>
  </div>
</div>
`;
