// Jest Snapshot v1, https://goo.gl/fbAQLP

exports[`<TreeView.Item /> create tree view item component 1`] = `
<li
  aria-expanded={false}
  className="fd-tree__item"
  id="fd-1"
  role="treeitem"
>
  <div
    className="fd-tree__row"
  >
    <div
      className="fd-tree__col fd-tree__col--control"
    >
      GreatGrandchild 1
    </div>
    <div
      className="fd-tree__col"
    >
      Data Col 2
    </div>
    <div
      className="fd-tree__col"
    >
      Data Col 3
    </div>
    <div
      className="fd-tree__col"
    >
      Data Col 4
    </div>
  </div>
</li>
`;
