// Jest Snapshot v1, https://goo.gl/fbAQLP

exports[`<FormSet /> create form item 1`] = `
<div
  className="fd-form-group"
>
  <div
    className="fd-form-item fd-form-item--inline"
  >
    <label
      className="fd-form-label"
      forAttr="input-1"
    >
      Default Input
      
    </label>
    <input
      className="fd-input"
      id="input-1"
      placeholder="Field placeholder text"
      type="text"
    />
  </div>
  <div
    className="fd-form-item"
  >
    <label
      aria-required={true}
      className="fd-form-label"
      forAttr="input-1"
    >
      Default Input
      *
    </label>
    <input
      className="fd-input is-warning"
      id="input-1"
      placeholder="Field placeholder text"
      type="text"
    />
    <textarea
      className="fd-textarea blue"
      id="textarea-1"
    >
      Pellentesque metus lacus commodo eget justo ut rutrum varius nunc.
    </textarea>
    <textarea
      className="fd-textarea"
      id="textarea-2"
    >
      Pellentesque metus lacus commodo eget justo ut rutrum varius nunc.
    </textarea>
    <span
      className="fd-form-message fd-form-message--help"
    >
      Pellentesque metus lacus commodo eget justo ut rutrum varius nunc
    </span>
    <span
      className="fd-form-message blue"
    >
      Pellentesque metus lacus commodo eget justo ut rutrum varius nunc
    </span>
    <select
      className="fd-form-select"
      id="select-1"
    >
      <option
        value="1"
      >
        Duis malesuada odio volutpat elementum
      </option>
      <option
        value="2"
      >
        Suspendisse ante ligula
      </option>
      <option
        value="3"
      >
        Sed bibendum sapien at posuere interdum
      </option>
    </select>
    <select
      className="fd-form-select blue"
      disabled={true}
      id="select-1"
    >
      <option
        value="1"
      >
        Duis malesuada odio volutpat elementum
      </option>
    </select>
  </div>
</div>
`;

exports[`<FormSet /> create form item 2`] = `
<div
  className="fd-form-group blue"
>
  <div
    className="fd-form-item fd-form-item--inline"
  >
    <label
      className="fd-form-label"
      forAttr="input-1"
    >
      Default Input
      
    </label>
    <input
      className="fd-input"
      id="input-1"
      placeholder="Field placeholder text"
      type="text"
    />
  </div>
</div>
`;
