// Jest Snapshot v1, https://goo.gl/fbAQLP

exports[`<FormRadioGroup /> create form radio group 1`] = `
<div
  className="blue"
>
  <div
    className="fd-form-item"
    onChange={[Function]}
  >
    <label
      className="fd-form-label"
    >
      <input
        className="fd-radio"
        id="radio-1"
        name="radio-group-5"
        type="radio"
        value="radio-1"
      />
      Option 1
      
    </label>
  </div>
  <div
    className="fd-form-item"
    onChange={[Function]}
  >
    <label
      className="fd-form-label"
    >
      <input
        checked={true}
        className="fd-radio"
        id="radio-2"
        name="radio-group-5"
        type="radio"
        value="radio-2"
      />
      Option 2
      
    </label>
  </div>
  <div
    className="fd-form-item"
    onChange={[Function]}
  >
    <label
      className="fd-form-label"
    >
      <input
        className="fd-radio"
        id="radio-3"
        name="radio-group-5"
        type="radio"
        value="radio-3"
      />
      Option 3
      
    </label>
  </div>
</div>
`;
