// Jest Snapshot v1, https://goo.gl/fbAQLP

exports[`<SideNavList /> create side navigation 1`] = `
<div
  className="fd-side-nav__main-navigation"
>
  <ul
    className="fd-nested-list--text-only fd-nested-list level-1"
  >
    <li
      className="fd-nested-list__item"
    >
      <a
        className="fd-nested-list__link"
        href="#"
        onClick={[Function]}
      >
        <span
          className="fd-nested-list__title"
        >
          Item 1
        </span>
      </a>
    </li>
    <li
      className="fd-nested-list__item"
    >
      <a
        className="fd-nested-list__link"
        href="#"
        onClick={[Function]}
      >
        <span
          className="fd-nested-list__title"
        >
          Item 2
        </span>
      </a>
    </li>
    <li
      className="fd-nested-list__item"
    >
      <a
        className="fd-nested-list__link"
        href="#"
        onClick={[Function]}
      >
        <span
          className="fd-nested-list__title"
        >
          Item 3
        </span>
      </a>
    </li>
    <li
      className="fd-nested-list__item"
    >
      <a
        className="fd-nested-list__link"
        href="#"
        onClick={[Function]}
      >
        <span
          className="fd-nested-list__title"
        >
          Item 4
        </span>
      </a>
    </li>
  </ul>
</div>
`;
